
> rest-express@1.0.0 test:parity
> node tests/parity/runner.mjs --only app.home.index,app.home.curated,app.category,app.about,app.shell.palette

Gate lease acquired (db-heavy: parity-baseline)
[identity] creating disposable Clerk admin [redacted-bridge-id]
[identity] [redacted-bridge-id] signed in and promoted (display name "Nick")
[parity] app.about @ 375
  FAIL 8.9731% (271683px)
[parity] app.about @ 768
  FAIL 6.4401% (248784px)
[parity] app.about @ 1024
  FAIL 6.5085% (283448px)
[parity] app.about @ 1440
  FAIL 5.5721% (341334px)
[parity] app.category @ 375
  FAIL 58.0711% (6907335px)
[parity] app.category @ 768
  FAIL 58.7279% (7529497px)
[parity] app.category @ 1024

Execution host result: timed out at 300 seconds (reported exit `-1`).
The timeout occurred outside the harness, so this file has no harness
completion or teardown line.