[pre-publish] gate started 2026-10-10T19:50:04Z — logs in /tmp/v22logs/clean
[pre-publish] running typecheck: npx tsc
[pre-publish] PASS typecheck (6s)
[pre-publish] running migration-drift: npx tsx scripts/check-migration-drift.ts --journal-only
[pre-publish] PASS migration-drift (1s)
[pre-publish] SKIP print-audit + responsive-audit — publish build (no app; these run as dev workflows instead)
[pre-publish] running product-profile-drift: npm run validate:product-profiles
[pre-publish] PASS product-profile-drift (1s)
[pre-publish] running standalone-palette-drift: npm run validate:standalone-palette-drift
[pre-publish] PASS standalone-palette-drift (1s)
[pre-publish] running build: npm run build
[pre-publish] PASS build (20s)
[pre-publish] running bundle-budget: npm run bundle:budget

================================================================
PRE-PUBLISH GATE FAILED: bundle-budget
Publishing is blocked until this check passes.
Full log: /tmp/v22logs/clean/bundle-budget.log
---- last 40 log lines -----------------------------------------
  
  > rest-express@1.0.0 bundle:budget
  > node scripts/validation/bundle-budget.mjs --check
  
  Bundle report (logical Vite manifest graph)
    initial  raw 680.2 KiB | gzip 209.6 KiB | brotli 176.1 KiB
    reduction vs b79375f22d06: raw 25.1% | gzip 22.2% | brotli 21%
    route:admin           gzip 130.0 KiB | brotli 107.6 KiB | 48 incremental chunks
    route:category        gzip 51.7 KiB | brotli 45.5 KiB | 39 incremental chunks
    route:resource        gzip 22.9 KiB | brotli 19.9 KiB | 26 incremental chunks
    route:search          gzip 36.1 KiB | brotli 31.9 KiB | 25 incremental chunks
    route:journeys        gzip 6.6 KiB | brotli 5.7 KiB | 12 incremental chunks
    route:recommendations gzip 30.4 KiB | brotli 26.6 KiB | 26 incremental chunks
    initial isolation: 287 modules checked against 11 forbidden feature patterns
  
  Bundle budget failures:
    - initial rawBytes is 680.2 KiB, 45.4 KiB over the 634.8 KiB budget.
    - initial gzipBytes is 209.6 KiB, 14.3 KiB over the 195.3 KiB budget.
    - initial brotliBytes is 176.1 KiB, 12.1 KiB over the 164.1 KiB budget.
================================================================
EXIT=1
