$ date -u: 2026-10-09T15:58:10Z
$ curl -X POST /api/researcher/start -d {"prompt":"__qa_test_plan_586 cancel probe: ...","maxBudgetUsd":0.5,"maxTurns":8}
{"success":true,"jobId":59,"message":"Research job started"}
job=59
t+6s status=processing logLen=1 turns=0 cost=0.00
t+12s status=processing logLen=1 turns=0 cost=0.00
t+18s status=processing logLen=1 turns=0 cost=0.00
t+24s status=processing logLen=1 turns=0 cost=0.00
t+30s status=processing logLen=1 turns=0 cost=0.00
t+36s status=processing logLen=1 turns=0 cost=0.00
t+42s status=processing logLen=1 turns=0 cost=0.00
t+48s status=processing logLen=1 turns=0 cost=0.00
t+54s status=processing logLen=1 turns=0 cost=0.00
$ curl -X DELETE /api/researcher/jobs/59
{"success":true,"message":"Job cancelled"}
-> HTTP 200
$ curl -X DELETE /api/researcher/jobs/59  (repeat)
{"success":true,"message":"Job cancelled"}
-> HTTP 200
after cancel+20s: status=cancelled completed_at=2026-10-09 15:59:05.251 turns=0 tokens_in=0 tokens_out=0 cost=0.00 logLen=9
last log: Research cancelled (cancelled). Turns: 0/8, Web searches: 3, Discoveries saved: 0, Duplicates skipped: 0, Tokens: in=0 out=0, Cost: $0.0000
after +35s: status=cancelled logLen=9 cost=0.00
