
> rest-express@1.0.0 build
> export BUILD_REVISION="${BUILD_REVISION:-$(git rev-parse HEAD 2>/dev/null)}" && if [ -z "$BUILD_REVISION" ]; then echo 'BUILD_REVISION is required when git metadata is unavailable' >&2; exit 1; fi && vite build && esbuild server/index.ts --platform=node --packages=external --external:./vite-dev --bundle --format=esm --outdir=dist --define:process.env.BUILD_REVISION="$(node -p 'JSON.stringify(process.env.BUILD_REVISION)')"

vite v5.4.21 building for production...
transforming...

... referenced in ... didn't resolve at build time, it will remain unchanged to be resolved at runtime
✓ 3792 modules transformed.
rendering chunks...
warnings when minifying css:
▲ [WARNING] "file" is not a known CSS property [unsupported-css-property]

    <stdin>:543:165089:
      543 │ ...\]{email:dev}.\[file\:line\]{file:line}.\[global\:\<timestamp\...
          │                                 ~~~~
          ╵                                 flex

  Did you mean "flex" instead?


▲ [WARNING] Unexpected ")" [css-syntax-error]

    <stdin>:543:259211:
      543 │ ...\^\=\\\"sub-\\\"\]\:visible:is(),.\[data-testid\^\=\\\\\\\"sub...
          ╵                                   ^


▲ [WARNING] Unexpected ")" [css-syntax-error]

    <stdin>:543:259266:
      543 │ ...\\\"sub-\\\\\\\"\]\:visible:is(){visibility:visible}:is(.focus...
          ╵                                   ^


computing gzip size...
../dist/public/index.html                                       20.59 kB │ gzip:   6.96 kB
../dist/public/.vite/manifest.json                              45.56 kB │ gzip:   5.05 kB
../dist/public/bundle-modules.json                             102.06 kB │ gzip:  13.14 kB
../dist/public/assets/ResourceDetail-WMR8gPZ4.css                3.14 kB │ gzip:   0.88 kB
../dist/public/assets/SubmitResource-zvvfzLHD.css                5.28 kB │ gzip:   1.43 kB
../dist/public/assets/About-BGW0yqS-.css                         6.80 kB │ gzip:   1.64 kB
../dist/public/assets/account-CHq0B8tW.css                       7.65 kB │ gzip:   1.21 kB
../dist/public/assets/AdminDashboard-KmwEiURj.css               22.92 kB │ gzip:   3.89 kB
../dist/public/assets/index-B4sNsK3p.css                       284.39 kB │ gzip:  44.28 kB
../dist/public/assets/index-BdQq_4o_.js                          0.06 kB │ gzip:   0.08 kB
../dist/public/assets/contact-footer-D8fCFORF.js                 0.19 kB │ gzip:   0.16 kB
../dist/public/assets/useDebounce-Bkpf_b0r.js                    0.19 kB │ gzip:   0.17 kB
../dist/public/assets/index-BzkqPxjz.js                          0.23 kB │ gzip:   0.17 kB
../dist/public/assets/difficulty-Bep3wQKp.js                     0.28 kB │ gzip:   0.18 kB
../dist/public/assets/chevron-down-CDNwi_9s.js                   0.30 kB │ gzip:   0.25 kB
../dist/public/assets/searchNormalize-SvtDRall.js                0.30 kB │ gzip:   0.21 kB
../dist/public/assets/loader-circle-Da8_NDEM.js                  0.31 kB │ gzip:   0.26 kB
../dist/public/assets/arrow-left-CLCJJGXa.js                     0.33 kB │ gzip:   0.27 kB
../dist/public/assets/circle-check-Xg5HNtQz.js                   0.34 kB │ gzip:   0.27 kB
../dist/public/assets/check-check-DIorzPf6.js                    0.35 kB │ gzip:   0.27 kB
../dist/public/assets/clock-BGCQHGWo.js                          0.35 kB │ gzip:   0.27 kB
../dist/public/assets/clock-3-DUXWYlDR.js                        0.35 kB │ gzip:   0.27 kB
../dist/public/assets/circle-check-big-1obyaqAg.js               0.36 kB │ gzip:   0.28 kB
../dist/public/assets/rotate-ccw-DY4H3GmT.js                     0.37 kB │ gzip:   0.28 kB
../dist/public/assets/circle-x-DZUUIdD1.js                       0.37 kB │ gzip:   0.28 kB
../dist/public/assets/trending-up-kqaz--Up.js                    0.37 kB │ gzip:   0.29 kB
../dist/public/assets/mail-B2YDFQd1.js                           0.38 kB │ gzip:   0.30 kB
../dist/public/assets/folder-BKM6HA2s.js                         0.40 kB │ gzip:   0.29 kB
../dist/public/assets/history-BKcN6hKM.js                        0.41 kB │ gzip:   0.30 kB
../dist/public/assets/heart-Ci-b-xe3.js                          0.41 kB │ gzip:   0.31 kB
../dist/public/assets/type-Du_FoMfA.js                           0.41 kB │ gzip:   0.30 kB
../dist/public/assets/chart-column-CNRV1jlu.js                   0.42 kB │ gzip:   0.30 kB
../dist/public/assets/external-link-B8IWoUEz.js                  0.42 kB │ gzip:   0.30 kB
../dist/public/assets/eye-DcX7WZkp.js                            0.42 kB │ gzip:   0.30 kB
../dist/public/assets/calendar-CRmbWt3J.js                       0.43 kB │ gzip:   0.30 kB
../dist/public/assets/triangle-alert-Dl48ziNa.js                 0.43 kB │ gzip:   0.31 kB
../dist/public/assets/award-FkdPt5Uv.js                          0.44 kB │ gzip:   0.33 kB
../dist/public/assets/pencil-DWoIoVKr.js                         0.45 kB │ gzip:   0.32 kB
../dist/public/assets/inbox-FClOTIH6.js                          0.46 kB │ gzip:   0.33 kB
../dist/public/assets/shield-check-CvNr-9z0.js                   0.49 kB │ gzip:   0.35 kB
../dist/public/assets/tag-C4geARQ5.js                            0.50 kB │ gzip:   0.35 kB
../dist/public/assets/useContinueLearning-Dm87HJQr.js            0.51 kB │ gzip:   0.33 kB
../dist/public/assets/layout-grid-CeNBbVjn.js                    0.51 kB │ gzip:   0.30 kB
../dist/public/assets/label-DDKWGZwg.js                          0.59 kB │ gzip:   0.39 kB
../dist/public/assets/textarea-9JG63Caq.js                       0.62 kB │ gzip:   0.37 kB
../dist/public/assets/trophy-BL0gMFs0.js                         0.63 kB │ gzip:   0.39 kB
../dist/public/assets/sliders-horizontal-Cx1zSb8Z.js             0.75 kB │ gzip:   0.37 kB
../dist/public/assets/alert-DuGODMHS.js                          0.94 kB │ gzip:   0.48 kB
../dist/public/assets/link-2--76ThNQK.js                         1.01 kB │ gzip:   0.46 kB
../dist/public/assets/seo-content-templates-B-5TTlBG.js          1.09 kB │ gzip:   0.64 kB
../dist/public/assets/index-CeftJlzp.js                          1.15 kB │ gzip:   0.68 kB
../dist/public/assets/badge-DH3ElySh.js                          1.16 kB │ gzip:   0.54 kB
../dist/public/assets/trash-2-BSW_CFkG.js                        1.18 kB │ gzip:   0.50 kB
../dist/public/assets/resourceFacets-DmFakrHV.js                 1.29 kB │ gzip:   0.63 kB
../dist/public/assets/Category-DOKR3nxl.js                       1.29 kB │ gzip:   0.67 kB
../dist/public/assets/Subcategory-BNTpnd-y.js                    1.30 kB │ gzip:   0.67 kB
../dist/public/assets/SubSubcategory-CR5Qlsxu.js                 1.30 kB │ gzip:   0.67 kB
../dist/public/assets/json-query-Cf2D51Eg.js                     1.31 kB │ gzip:   0.69 kB
../dist/public/assets/git-branch-BOBi6TAz.js                     1.81 kB │ gzip:   0.60 kB
../dist/public/assets/progress-DQe5VmNN.js                       1.93 kB │ gzip:   0.95 kB
../dist/public/assets/collapsible-CcAYEiq-.js                    2.21 kB │ gzip:   0.99 kB
../dist/public/assets/thumbs-up-cTeTumDI.js                      2.30 kB │ gzip:   0.82 kB
../dist/public/assets/dialog-x9uYDOIm.js                         2.47 kB │ gzip:   0.94 kB
../dist/public/assets/observers-DelxKUtw.js                      3.32 kB │ gzip:   1.55 kB
../dist/public/assets/tabs-Ft6-evuK.js                           3.39 kB │ gzip:   1.44 kB
../dist/public/assets/vendor-blurhash-DVeDoVY-.js                3.69 kB │ gzip:   1.78 kB
../dist/public/assets/switch-CZdVH4kM.js                         3.79 kB │ gzip:   1.66 kB
../dist/public/assets/checkbox-Ch0_USxq.js                       3.89 kB │ gzip:   1.72 kB
../dist/public/assets/Recommendations-DgocFSq5.js                3.97 kB │ gzip:   1.72 kB
../dist/public/assets/alert-dialog-CohO9xe1.js                   4.03 kB │ gzip:   1.37 kB
../dist/public/assets/Categories-DKp2TD9R.js                     4.09 kB │ gzip:   1.78 kB
../dist/public/assets/analytics-connector.esm-C_GtHJH1.js        4.22 kB │ gzip:   1.62 kB
../dist/public/assets/CodeOfConduct-BEhLnl1f.js                  4.35 kB │ gzip:   1.83 kB
../dist/public/assets/Terms-BjEiYQfu.js                          4.35 kB │ gzip:   1.63 kB
../dist/public/assets/PublicCollection-B-saVrAx.js               4.44 kB │ gzip:   1.87 kB
../dist/public/assets/contact-dialog-B3b4-yvf.js                 4.52 kB │ gzip:   1.87 kB
../dist/public/assets/ContinueLearningPreview-CWKVuu6s.js        4.62 kB │ gzip:   1.73 kB
../dist/public/assets/validation-D-lm192Z.js                     4.94 kB │ gzip:   1.84 kB
../dist/public/assets/paginator-fWJwVbpj.js                      5.23 kB │ gzip:   2.20 kB
../dist/public/assets/Notifications-CHeeKl0v.js                  5.25 kB │ gzip:   1.90 kB
../dist/public/assets/TagLanding-DhY-lppP.js                     5.43 kB │ gzip:   2.52 kB
../dist/public/assets/BookmarkButton-D4HgjQ58.js                 5.76 kB │ gzip:   2.28 kB
../dist/public/assets/ResourceCard-CI4VX36Z.js                   7.06 kB │ gzip:   2.48 kB
../dist/public/assets/index-CTjT7uj6.js                          7.81 kB │ gzip:   3.08 kB
../dist/public/assets/Onboarding-CtZstZ2x.js                     7.85 kB │ gzip:   2.86 kB
../dist/public/assets/Journeys-4tTBlNnv.js                       8.15 kB │ gzip:   2.90 kB
../dist/public/assets/SearchFilters-DEotrBvG.js                  8.20 kB │ gzip:   2.91 kB
../dist/public/assets/BookmarkNotesDialog-C1S2mdCT.js            8.43 kB │ gzip:   3.35 kB
../dist/public/assets/index-BUd4hCY-.js                          8.60 kB │ gzip:   3.60 kB
../dist/public/assets/index.esm-BUk3VRnp.js                      9.73 kB │ gzip:   3.66 kB
../dist/public/assets/formatDistanceToNow-aDLjEcHe.js            9.91 kB │ gzip:   3.36 kB
../dist/public/assets/Privacy-BG-FahxT.js                       10.24 kB │ gzip:   3.03 kB
../dist/public/assets/advanced-filter-phjBCyDB.js               10.87 kB │ gzip:   3.81 kB
../dist/public/assets/suggest-edit-dialog-DAvJkJFh.js           12.29 kB │ gzip:   4.04 kB
../dist/public/assets/ContinueLearning-B_E6J_ME.js              12.29 kB │ gzip:   3.32 kB
../dist/public/assets/learning-preferences-form-Bd98N5Yw.js     12.46 kB │ gzip:   3.94 kB
../dist/public/assets/Search-CmCOBIAW.js                        12.56 kB │ gzip:   4.57 kB
../dist/public/assets/scroll-area-DoqAOLOi.js                   12.69 kB │ gzip:   4.02 kB
../dist/public/assets/JourneyDetail-JaigBG9f.js                 13.07 kB │ gzip:   4.31 kB
../dist/public/assets/ThemeSettings-CRJw2hFH.js                 13.49 kB │ gzip:   3.61 kB
../dist/public/assets/SubmitResource-wprZZXsV.js                14.87 kB │ gzip:   4.88 kB
../dist/public/assets/index-mw_Q0PJl.js                         15.98 kB │ gzip:   5.17 kB
../dist/public/assets/Settings-DYcUpcDL.js                      18.63 kB │ gzip:   5.95 kB
../dist/public/assets/DesignSystemShowcase-DIgVzXoa.js          19.39 kB │ gzip:   5.58 kB
../dist/public/assets/Profile-BxOgfFVS.js                       19.92 kB │ gzip:   5.77 kB
../dist/public/assets/Contributions-DqSzKk9H.js                 20.31 kB │ gzip:   6.52 kB
../dist/public/assets/ResourceDetail-RixK9SBD.js                21.97 kB │ gzip:   6.94 kB
../dist/public/assets/search-dialog-CYMwyKAT.js                 22.01 kB │ gzip:   7.81 kB
../dist/public/assets/ai-recommendations-panel--oHtofyv.js      23.18 kB │ gzip:   7.57 kB
../dist/public/assets/About-CYDleDDd.js                         23.48 kB │ gzip:   6.07 kB
../dist/public/assets/select-DYMfhQiz.js                        23.65 kB │ gzip:   8.24 kB
../dist/public/assets/TaxonomyListing-X3nH5ubm.js               23.73 kB │ gzip:   8.02 kB
../dist/public/assets/background-capture-DFP-iM8k.js            23.90 kB │ gzip:   8.04 kB
../dist/public/assets/BookmarksGate-6T2ojDiE.js                 35.43 kB │ gzip:  10.75 kB
../dist/public/assets/form-DdoxeHcW.js                          36.60 kB │ gzip:  13.11 kB
../dist/public/assets/index-C_G_JFiN.js                         48.43 kB │ gzip:  16.42 kB
../dist/public/assets/Advanced-D8y-ION4.js                      49.64 kB │ gzip:  13.39 kB
../dist/public/assets/schemas-sBPn5vi-.js                       67.93 kB │ gzip:  18.24 kB
../dist/public/assets/index-B7TveXY7.js                         79.01 kB │ gzip:  24.63 kB
../dist/public/assets/index-Db5cBEuq.js                        120.16 kB │ gzip:  34.87 kB
../dist/public/assets/rrweb-plugin-console-record-ChatDfDA.js  125.55 kB │ gzip:  41.11 kB
../dist/public/assets/index-CdxWbZw_.js                        132.53 kB │ gzip:  45.51 kB
../dist/public/assets/index.es-Bp3SOlf7.js                     180.06 kB │ gzip:  62.20 kB
../dist/public/assets/rrweb-record-DmbroWy-.js                 182.77 kB │ gzip:  57.76 kB
../dist/public/assets/index-Biz6pDAz.js                        204.49 kB │ gzip:  57.39 kB
../dist/public/assets/module-CRFpjwhP.js                       235.34 kB │ gzip:  77.45 kB
../dist/public/assets/vendor-charts-BA4dpZn2.js                250.35 kB │ gzip:  58.63 kB
../dist/public/assets/AdminDashboard-BS9wtuGa.js               307.15 kB │ gzip:  71.63 kB
../dist/public/assets/mixpanel.module-pcOBM_-o.js              430.46 kB │ gzip: 128.47 kB
../dist/public/assets/vendor-pdf-CcDhm3Sd.js                   543.88 kB │ gzip: 158.69 kB
../dist/public/assets/index-CHVQNpRI.js                        619.40 kB │ gzip: 190.26 kB

(!) Some chunks are larger than 500 kB after minification. Consider:
- Using dynamic import() to code-split the application
- Use build.rollupOptions.output.manualChunks to improve chunking: https://rollupjs.org/configuration-options/#output-manualchunks
- Adjust chunk size limit for this warning via build.chunkSizeWarningLimit.
✓ built in 18.02s

  dist/index.js  1.2mb ⚠️

⚡ Done in 32ms
