
> rest-express@1.0.0 test:parity
> node tests/parity/runner.mjs --list

id                             class            widths              note
app.about                      pixel            375,768,1024,1440   ref:about
app.admin.approvals            pixel            375,768,1024,1440   requires admin-session ref:admin-tab:approvals
app.admin.audit                pixel            375,768,1024,1440   requires admin-session ref:admin-tab:audit
app.admin.categories           pixel            375,768,1024,1440   requires admin-session ref:admin-tab:categories
app.admin.database             pixel            375,768,1024,1440   requires admin-session ref:admin-tab:database
app.admin.digests              token-only       375,768,1024,1440
app.admin.edits                pixel            375,768,1024,1440   requires admin-session ref:admin-tab:edits
app.admin.enrichment           pixel            375,768,1024,1440   requires admin-session ref:admin-tab:enrichment
app.admin.export               pixel            375,768,1024,1440   requires admin-session ref:admin-tab:export
app.admin.github               pixel            375,768,1024,1440   requires admin-session ref:admin-tab:github
app.admin.journeys             token-only       375,768,1024,1440
app.admin.linkhealth           pixel            375,768,1024,1440   requires admin-session ref:admin-tab:linkhealth
app.admin.overview             pixel            375,768,1024,1440   requires admin-session ref:admin-tab:overview
app.admin.research             blocked:Design tab "Research" (the 15th ADMIN_TABS entry) has no app counterpart; the app folds research into the Researcher tab. 375,768,1024,1440
app.admin.researcher           pixel            375,768,1024,1440   requires admin-session ref:admin-tab:researcher
app.admin.resources            pixel            375,768,1024,1440   requires admin-session ref:admin-tab:resources
app.admin.subcategories        pixel            375,768,1024,1440   requires admin-session ref:admin-tab:subcategories
app.admin.subsubcategories     token-only       375,768,1024,1440
app.admin.users                pixel            375,768,1024,1440   requires admin-session ref:admin-tab:users
app.advanced                   blocked:No independently configured active-reference state exists for advanced search. 375,768,1024,1440
app.auth.sign-in               blocked:Sign-in is Clerk's hosted component; the reference has no sign-in screen and no auth fixture is permitted. 375,768,1024,1440
app.auth.sign-up               blocked:Sign-up is Clerk's hosted component (captcha-gated); the reference has no sign-up screen. 375,768,1024,1440
app.bookmarks                  token-only       375,768,1024,1440
app.categories                 blocked:No independently configured active-reference state exists for the all-categories page. 375,768,1024,1440
app.category                   pixel            375,768,1024,1440   ref:category
app.collection                 token-only       375,768,1024,1440
app.contributions              token-only       375,768,1024,1440
app.design-system              blocked:The application showcase is distinct from the registered artifact baseline (artifact.showcase covers the design-system page). 375,768,1024,1440
app.error.empty                token-only       375,768,1024,1440
app.error.loading              token-only       375,768,1024,1440
app.error.route                token-only       375,768,1024,1440
app.home.curated               pixel            375,768,1024,1440   ref:home-curated
app.home.index                 pixel            375,768,1024,1440   ref:home-index
app.journey-detail             blocked:A real journey identity has not been aligned with the reference. 375,768,1024,1440
app.journeys                   blocked:No independently configured active-reference state exists for journeys. 375,768,1024,1440
app.legal                      token-only       375,768,1024,1440
app.not-found                  blocked:The active modular reference does not expose a 404 state. 375,768,1024,1440
app.notifications              token-only       375,768,1024,1440
app.onboarding                 token-only       375,768,1024,1440
app.profile                    token-only       375,768,1024,1440
app.resource.detail            pixel            375,768,1024,1440   ref:resource
app.search                     blocked:The modular reference has no independently routeable search-results state; the command palette row (app.shell.palette) covers the search affordance. 375,768,1024,1440
app.settings                   blocked:No independently configured active-reference state exists for settings. 375,768,1024,1440
app.settings.theme             blocked:The theme picker's counterpart is the tweaks panel, which is a host overlay rather than a routeable reference page. 375,768,1024,1440
app.shell.default              pixel            = app.home.index    alias of app.home.index
app.shell.mobile-drawer        pixel            375                 ref:mobile-drawer
app.shell.palette              pixel            375,768,1024,1440   ref:palette
app.subcategory                pixel            375,768,1024,1440   ref:subcategory
app.submit                     pixel            375,768,1024,1440   requires admin-session ref:submit
app.subsubcategory             pixel            375,768,1024,1440   ref:subsubcategory
app.tag                        token-only       375,768,1024,1440
artifact.anatomy.flows         artifact-docs    375,768,1024,1440
artifact.docs.a11y             artifact-docs    375,768,1024,1440
artifact.docs.buttons          artifact-docs    375,768,1024,1440
artifact.docs.cards            artifact-docs    375,768,1024,1440
artifact.docs.checklist        artifact-docs    375,768,1024,1440
artifact.docs.color            artifact-docs    375,768,1024,1440
artifact.docs.data-density     artifact-docs    375,768,1024,1440
artifact.docs.flows            artifact-docs    375,768,1024,1440
artifact.docs.forms            artifact-docs    375,768,1024,1440
artifact.docs.getting-started  artifact-docs    375,768,1024,1440
artifact.docs.integration      artifact-docs    375,768,1024,1440
artifact.docs.lists            artifact-docs    375,768,1024,1440
artifact.docs.motion           artifact-docs    375,768,1024,1440
artifact.docs.navigation       artifact-docs    375,768,1024,1440
artifact.docs.overview         artifact-docs    375,768,1024,1440
artifact.docs.pages            artifact-docs    375,768,1024,1440
artifact.docs.principles       artifact-docs    375,768,1024,1440
artifact.docs.spacing          artifact-docs    375,768,1024,1440
artifact.docs.theming          artifact-docs    375,768,1024,1440
artifact.docs.theming-app      artifact-docs    375,768,1024,1440
artifact.docs.tokens           artifact-docs    375,768,1024,1440
artifact.docs.typography       artifact-docs    375,768,1024,1440
artifact.showcase              pixel            375,768,1024,1440

74 screens: pixel 26, token-only 14, artifact-docs 22, blocked 12
