
> rest-express@1.0.0 test:unit
> vitest run tests/unit


 RUN  v4.1.10 /home/runner/workspace

◇ injected env (0) from .env // tip: ⌘ override existing { override: true }
🧪 Provisioning dedicated test database "heliumdb_test"...
🧪 Applying schema to test database...
No config path provided, using default 'drizzle.config.ts'
Reading config file '/home/runner/workspace/drizzle.config.ts'
Using 'pg' driver for database querying
[⣷] Pulling schema from database...
[2K[1G[⣯] Pulling schema from database...
[2K[1G[⣟] Pulling schema from database...
[2K[1G[⡿] Pulling schema from database...
[2K[1G[⢿] Pulling schema from database...
[2K[1G[⣻] Pulling schema from database...
[2K[1G[⣽] Pulling schema from database...
[2K[1G[⣷] Pulling schema from database...
[2K[1G[⣯] Pulling schema from database...
[2K[1G[⣟] Pulling schema from database...
[2K[1G[⡿] Pulling schema from database...
[2K[1G[⢿] Pulling schema from database...
[2K[1G[✓] Pulling schema from database...
[✓] Changes applied
🧪 Test database is ready.

 Test Files  15 passed (15)
      Tests  300 passed (300)
   Start at  07:53:48
   Duration  7.76s (transform 2.64s, setup 6.14s, import 2.55s, tests 9.79s, environment 2ms)
